I'm sorry, but errors were detected in your script. Please correct the
errors listed below, and try again.


The label chapter1_bolsa is defined twice, at File "game/alternatives_chapter1.rpyc", line 1:

and File "game/codes/alternatives_chapter1.rpy", line 1:
label chapter1_bolsa:


Ren'Py Version: Ren'Py 8.3.3.24111502
Tue Dec  3 09:29:59 2024
